// Jest Snapshot v1, https://goo.gl/fbAQLP

exports[`Given Select component Test if Select component is properly rendered  1`] = `ShallowWrapper {}`;
