// Jest Snapshot v1, https://goo.gl/fbAQLP

exports[`Test TailwindModalDialog component with props match snapshot 1`] = `ReactWrapper {}`;
