// Jest Snapshot v1, https://goo.gl/fbAQLP

exports[`Loader testing Loader component renders properly 1`] = `ShallowWrapper {}`;
