// Jest Snapshot v1, https://goo.gl/fbAQLP

exports[`Given Modal component Test if Modal component is properly rendered  1`] = `ShallowWrapper {}`;
