// Jest Snapshot v1, https://goo.gl/fbAQLP

exports[`Test SearchPeoople component with props match snapshot 1`] = `ReactWrapper {}`;
