// Jest Snapshot v1, https://goo.gl/fbAQLP

exports[`Given TailwindCard component Test if Tailwind card modal is properly rendered 1`] = `ShallowWrapper {}`;
