// Jest Snapshot v1, https://goo.gl/fbAQLP

exports[`Snackbar Component match add Message 1`] = `ReactWrapper {}`;
