// Jest Snapshot v1, https://goo.gl/fbAQLP

exports[`should test Dialog component with list of props 1`] = `ShallowWrapper {}`;
